// Jest Snapshot v1, https://goo.gl/fbAQLP

exports[`AddDocument basic snapshot 1`] = `
"<AddDocument className=\\"edit-button\\" id=\\"edit-button\\" headerText=\\"Edit Document\\" context=\\"Save\\" icon=\\"Edit\\" variant=\\"tertiary\\" onConfirm={[Function: mockConstructor]} attachment={{...}} type={{...}}>
  <div className=\\"edit-button\\">
    <Formik initialValues={{...}} validationSchema={[Function (anonymous)]} onSubmit={[Function: onSubmit]} validateOnChange={false} validateOnBlur={false} validateOnMount={false}>
      <ForwardRef className=\\"edit-button\\" id=\\"edit-button\\" text={[undefined]} icon=\\"Edit\\" variant=\\"tertiary\\" disabled={false} onClick={[Function: onClick]} fullWidth={false} iconSet={{...}} size=\\"medium\\" showLoadingSpinner={false} type=\\"button\\" useLink={false}>
        <button id=\\"edit-button\\" className=\\"fe_c_button fe_c_button--tertiary fe_c_button--medium edit-button\\" aria-disabled={false} aria-label=\\"Edit\\" onClick={[Function: handleClick]} type=\\"button\\">
          <div className=\\"fe_c_button__content\\">
            <Edit title={{...}} disabled={false} className=\\"fe_c_button__icon fe_c_button__icon--tertiary\\">
              <IconBase viewBox=\\"0 0 25 25\\" title={{...}} disabled={false} className=\\"fe_c_button__icon fe_c_button__icon--tertiary\\">
                <svg xmlns=\\"http://www.w3.org/2000/svg\\" className=\\"fe_c_icon fe_c_button__icon fe_c_button__icon--tertiary\\" viewBox=\\"0 0 25 25\\" style={{...}}>
                  <g>
                    <g className=\\"fe_c_icon__background\\">
                      <rect x=\\"-0.2\\" y=\\"-0.2\\" width=\\"25\\" height=\\"25\\" />
                    </g>
                    <g className=\\"fe_c_icon__icon fe_c_icon__icon--primary\\">
                      <path d=\\"M21.1,4.8,16.9.7,4.1,13.4,2.6,21.5l8-1.6L21.1,9.5A3.3,3.3,0,0,0,21.1,4.8ZM5.2,15.6l3.3,3.2-4,.8Zm4.9,2.8L5.7,13.9l8-8,4.5,4.4ZM20,8.5l-.8.8L14.8,4.9l2.1-2.1L20,5.9A1.9,1.9,0,0,1,20,8.5Z\\" />
                    </g>
                  </g>
                </svg>
              </IconBase>
            </Edit>
          </div>
        </button>
      </ForwardRef>
      <ThemeConsumerHOC show={true} hideDividers={true} headerText=\\"Edit Document\\" disableClose={true} width=\\"large\\" className=\\"my-custom-lightbox create_document\\">
        <Lightbox show={true} hideDividers={true} headerText=\\"Edit Document\\" disableClose={true} width=\\"large\\" className=\\"my-custom-lightbox create_document\\" theme={{...}} closeButtonAriaLabel=\\"Close Modal\\" includeButtonRow={false} primaryButtonText=\\"Next\\" padded={true}>
          <ModalManagerWrapper className=\\"fe_c_lightbox fe_f_all my-custom-lightbox create_document\\" dialogClass={{...}} onHide={[Function: handleOnHide]} aria-label=\\"Edit Document\\" show={true}>
            <Overlay manager={{...}} className=\\"fe_c_lightbox fe_f_all my-custom-lightbox create_document\\" dialogClass={{...}} onHide={[Function: handleOnHide]} aria-label=\\"Edit Document\\" show={true} autoFocus={false} enforceFocus={false}>
              <Modal aria-modal=\\"true\\" aria-labelledby={[undefined]} aria-describedby={[undefined]} renderBackdrop={[Function: renderBackdrop]} transition={[Function: FadeUp]} backdropTransition={[Function: Fade]} manager={{...}} onShow={[Function (anonymous)]} onHide={[Function: handleOnHide]} aria-label=\\"Edit Document\\" show={true} autoFocus={false} enforceFocus={false} className=\\"fe_c_overlay fe_f_all fe_c_lightbox fe_f_all my-custom-lightbox create_document\\" role=\\"dialog\\" backdrop={true} keyboard={true} restoreFocus={true}>
                <Portal container={[undefined]} onRendered={[Function (anonymous)]}>
                  <WaitForContainer container={[undefined]} onContainerResolved={[Function (anonymous)]}>
                    <Portal containerInfo={{...}}>
                      <Fade appear={true} in={true}>
                        <CSSTransition timeout={400} classNames=\\"fade\\" appear={true} in={true}>
                          <Transition timeout={400} appear={true} in={true} onEnter={[Function (anonymous)]} onEntered={[Function (anonymous)]} onEntering={[Function (anonymous)]} onExit={[Function (anonymous)]} onExiting={[Function (anonymous)]} onExited={[Function (anonymous)]} mountOnEnter={false} unmountOnExit={false} enter={true} exit={true}>
                            <div className=\\"fe_c_overlay__blocker \\" onClick={[Function (anonymous)]} />
                          </Transition>
                        </CSSTransition>
                      </Fade>
                      <FadeUp appear={true} unmountOnExit={true} in={true} onExit={[undefined]} onExiting={[undefined]} onExited={[Function (anonymous)]} onEnter={[undefined]} onEntering={[undefined]} onEntered={[undefined]}>
                        <CSSTransition timeout={400} classNames=\\"fade-up\\" appear={true} unmountOnExit={true} in={true} onExit={[undefined]} onExiting={[undefined]} onExited={[Function (anonymous)]} onEnter={[undefined]} onEntering={[undefined]} onEntered={[undefined]}>
                          <Transition timeout={400} appear={true} unmountOnExit={true} in={true} onExit={[Function (anonymous)]} onExiting={[Function (anonymous)]} onExited={[Function (anonymous)]} onEnter={[Function (anonymous)]} onEntering={[Function (anonymous)]} onEntered={[Function (anonymous)]} mountOnEnter={false} enter={true} exit={true}>
                            <div role=\\"dialog\\" aria-modal=\\"true\\" aria-labelledby={[undefined]} aria-describedby={[undefined]} aria-label=\\"Edit Document\\" style={[undefined]} className=\\"fe_c_overlay fe_f_all fe_c_lightbox fe_f_all my-custom-lightbox create_document\\" tabIndex=\\"-1\\">
                              <div className=\\"fe_c_overlay__dialog fe_c_lightbox__dialog fe_c_lightbox__dialog--large fe_c_lightbox__dialog--without-dividers\\" role=\\"document\\">
                                <div className=\\"fe_c_lightbox__header\\">
                                  <Heading text=\\"Edit Document\\" headingTag=\\"h1\\" variant=\\"section\\">
                                    <h1 className=\\"fe_c_heading fe_c_heading--section\\">
                                      Edit Document
                                    </h1>
                                  </Heading>
                                </div>
                                <div className=\\"fe_c_lightbox__body fe_c_lightbox__body--padded\\">
                                  <ForwardRef variant=\\"tertiary\\" icon=\\"Close\\" onClick={[Function: onClick]} className=\\"my-close-button\\" disabled={false} fullWidth={false} iconSet={{...}} size=\\"medium\\" showLoadingSpinner={false} type=\\"button\\" useLink={false}>
                                    <button className=\\"fe_c_button fe_c_button--tertiary fe_c_button--medium my-close-button\\" aria-disabled={false} aria-label=\\"Close\\" onClick={[Function: handleClick]} type=\\"button\\">
                                      <div className=\\"fe_c_button__content\\">
                                        <Close title={{...}} disabled={false} className=\\"fe_c_button__icon fe_c_button__icon--tertiary\\">
                                          <IconBase viewBox=\\"0 0 25 25\\" title={{...}} disabled={false} className=\\"fe_c_button__icon fe_c_button__icon--tertiary fe_c_icon--close\\">
                                            <svg xmlns=\\"http://www.w3.org/2000/svg\\" className=\\"fe_c_icon fe_c_button__icon fe_c_button__icon--tertiary fe_c_icon--close\\" viewBox=\\"0 0 25 25\\" style={{...}}>
                                              <g>
                                                <g className=\\"fe_c_icon__background\\">
                                                  <rect width=\\"25\\" height=\\"25\\" />
                                                </g>
                                                <g className=\\"fe_c_icon__icon fe_c_icon__icon--primary\\">
                                                  <rect x=\\"4\\" y=\\"11.8\\" width=\\"17\\" height=\\"1.5\\" transform=\\"translate(-5.2 12.5) rotate(-45)\\" />
                                                  <rect x=\\"11.8\\" y=\\"4\\" width=\\"1.5\\" height=\\"16.97\\" transform=\\"translate(-5.2 12.5) rotate(-45)\\" />
                                                </g>
                                              </g>
                                            </svg>
                                          </IconBase>
                                        </Close>
                                      </div>
                                    </button>
                                  </ForwardRef>
                                  <Form labelAlwaysAbove={true} includeSubmitButton={false} requiredVariation=\\"blueBarWithLegend\\" className=\\"fe_u_margin--large document-form\\" layout=\\"medium\\" buttonText=\\"Submit\\" noValidate={true} nested={true} labelWidth={3}>
                                    <form onSubmit={[undefined]} className=\\"fe_u_margin--large document-form\\" noValidate={true}>
                                      <GridRow nested={true}>
                                        <div className=\\"fe_l_grid-row fe_l_grid-row--nested\\">
                                          <GridCol>
                                            <div className=\\"fe_l_grid-row__col\\">
                                              <FormLegend allFieldsRequired={false} nested={true}>
                                                <div className=\\"fe_c_form-legend\\" aria-hidden=\\"true\\">
                                                  Required field
                                                </div>
                                              </FormLegend>
                                            </div>
                                          </GridCol>
                                        </div>
                                      </GridRow>
                                      <FormField maxlength=\\"1000\\" labelText=\\"Link\\" name=\\"filePath\\" value=\\"https://www.drive.in/cover\\" onChange={[Function (anonymous)]} onBlur={[Function (anonymous)]} error={[undefined]} id=\\"filePath\\" labelWidth={12} required={true} inputAs={{...}}>
                                        <FormFieldLayout labelWidth={12} nested={[undefined]} layout={[undefined]} statusExtras={[undefined]} className=\\"\\" labelAlwaysAbove={[undefined]} labelSlot={{...}} messageSlot={[undefined]} statusIndicatorSlot={[undefined]} inputSlot={{...}}>
                                          <div className=\\"fe_c_form-field fe_c_form-field--medium\\">
                                            <GridRow nested={true}>
                                              <div className=\\"fe_l_grid-row fe_l_grid-row--nested\\">
                                                <GridCol width={{...}} className=\\"fe_c_form-field__label fe_c_form-field__label--forced-above\\">
                                                  <div className=\\"fe_l_grid-row__col fe_l_grid-row__col--small-12 fe_l_grid-row__col--medium-12 fe_c_form-field__label fe_c_form-field__label--forced-above\\">
                                                    <Label id=\\"filePath-label\\" htmlFor=\\"filePath\\" text=\\"Link\\" disabled={[undefined]} required={false} useLegend={false}>
                                                      <label htmlFor=\\"filePath\\" id=\\"filePath-label\\" className=\\"fe_c_label\\">
                                                        Link
                                                      </label>
                                                    </Label>
                                                  </div>
                                                </GridCol>
                                                <GridCol width={{...}} className=\\"fe_c_form-field__right fe_c_form-field__right--label-forced-above\\">
                                                  <div className=\\"fe_l_grid-row__col fe_l_grid-row__col--small-12 fe_l_grid-row__col--medium-0 fe_c_form-field__right fe_c_form-field__right--label-forced-above\\">
                                                    <div className=\\"fe_c_form-field__input-slot\\">
                                                      <Input maxlength=\\"1000\\" value=\\"https://www.drive.in/cover\\" onChange={[Function (anonymous)]} onBlur={[Function (anonymous)]} className=\\"fe_c_form-field__input\\" id=\\"filePath\\" name=\\"filePath\\" required={true} hideRequiredStyles={false} disabled={false} error={[undefined]} aria-labelledby=\\"filePath-label\\" type=\\"text\\">
                                                        <div className=\\"fe_c_input fe_c_form-field__input\\">
                                                          <input maxlength=\\"1000\\" value=\\"https://www.drive.in/cover\\" onChange={[Function (anonymous)]} onBlur={[Function (anonymous)]} id=\\"filePath\\" name=\\"filePath\\" aria-labelledby=\\"filePath-label\\" className=\\"fe_c_input__input fe_is-required\\" type=\\"text\\" disabled={false} required={true} />
                                                        </div>
                                                      </Input>
                                                    </div>
                                                    <div className=\\"fe_c_form-field__status\\" />
                                                  </div>
                                                </GridCol>
                                              </div>
                                            </GridRow>
                                          </div>
                                        </FormFieldLayout>
                                      </FormField>
                                      <FormField maxlength=\\"200\\" labelText=\\"Name\\" name=\\"fileName\\" value=\\"Marksheet\\" onChange={[Function (anonymous)]} onBlur={[Function (anonymous)]} error={[undefined]} id=\\"fileName\\" labelWidth={12} required={true} inputAs={{...}}>
                                        <FormFieldLayout labelWidth={12} nested={[undefined]} layout={[undefined]} statusExtras={[undefined]} className=\\"\\" labelAlwaysAbove={[undefined]} labelSlot={{...}} messageSlot={[undefined]} statusIndicatorSlot={[undefined]} inputSlot={{...}}>
                                          <div className=\\"fe_c_form-field fe_c_form-field--medium\\">
                                            <GridRow nested={true}>
                                              <div className=\\"fe_l_grid-row fe_l_grid-row--nested\\">
                                                <GridCol width={{...}} className=\\"fe_c_form-field__label fe_c_form-field__label--forced-above\\">
                                                  <div className=\\"fe_l_grid-row__col fe_l_grid-row__col--small-12 fe_l_grid-row__col--medium-12 fe_c_form-field__label fe_c_form-field__label--forced-above\\">
                                                    <Label id=\\"fileName-label\\" htmlFor=\\"fileName\\" text=\\"Name\\" disabled={[undefined]} required={false} useLegend={false}>
                                                      <label htmlFor=\\"fileName\\" id=\\"fileName-label\\" className=\\"fe_c_label\\">
                                                        Name
                                                      </label>
                                                    </Label>
                                                  </div>
                                                </GridCol>
                                                <GridCol width={{...}} className=\\"fe_c_form-field__right fe_c_form-field__right--label-forced-above\\">
                                                  <div className=\\"fe_l_grid-row__col fe_l_grid-row__col--small-12 fe_l_grid-row__col--medium-0 fe_c_form-field__right fe_c_form-field__right--label-forced-above\\">
                                                    <div className=\\"fe_c_form-field__input-slot\\">
                                                      <Input maxlength=\\"200\\" value=\\"Marksheet\\" onChange={[Function (anonymous)]} onBlur={[Function (anonymous)]} className=\\"fe_c_form-field__input\\" id=\\"fileName\\" name=\\"fileName\\" required={true} hideRequiredStyles={false} disabled={false} error={[undefined]} aria-labelledby=\\"fileName-label\\" type=\\"text\\">
                                                        <div className=\\"fe_c_input fe_c_form-field__input\\">
                                                          <input maxlength=\\"200\\" value=\\"Marksheet\\" onChange={[Function (anonymous)]} onBlur={[Function (anonymous)]} id=\\"fileName\\" name=\\"fileName\\" aria-labelledby=\\"fileName-label\\" className=\\"fe_c_input__input fe_is-required\\" type=\\"text\\" disabled={false} required={true} />
                                                        </div>
                                                      </Input>
                                                    </div>
                                                    <div className=\\"fe_c_form-field__status\\" />
                                                  </div>
                                                </GridCol>
                                              </div>
                                            </GridRow>
                                          </div>
                                        </FormFieldLayout>
                                      </FormField>
                                      <FormField labelText=\\"Type\\" inputAs={{...}} options={{...}} name=\\"attachmentTypeId\\" value=\\"1\\" onChange={[Function: onChange]} onBlur={[Function (anonymous)]} error={[undefined]} id=\\"attachmentTypeId\\" labelWidth={12} required={true}>
                                        <FormFieldLayout labelWidth={12} nested={[undefined]} layout={[undefined]} statusExtras={[undefined]} className=\\"\\" labelAlwaysAbove={[undefined]} labelSlot={{...}} messageSlot={[undefined]} statusIndicatorSlot={[undefined]} inputSlot={{...}}>
                                          <div className=\\"fe_c_form-field fe_c_form-field--medium\\">
                                            <GridRow nested={true}>
                                              <div className=\\"fe_l_grid-row fe_l_grid-row--nested\\">
                                                <GridCol width={{...}} className=\\"fe_c_form-field__label fe_c_form-field__label--forced-above\\">
                                                  <div className=\\"fe_l_grid-row__col fe_l_grid-row__col--small-12 fe_l_grid-row__col--medium-12 fe_c_form-field__label fe_c_form-field__label--forced-above\\">
                                                    <Label id=\\"attachmentTypeId-label\\" htmlFor=\\"attachmentTypeId\\" text=\\"Type\\" disabled={[undefined]} required={false} useLegend={false}>
                                                      <label htmlFor=\\"attachmentTypeId\\" id=\\"attachmentTypeId-label\\" className=\\"fe_c_label\\">
                                                        Type
                                                      </label>
                                                    </Label>
                                                  </div>
                                                </GridCol>
                                                <GridCol width={{...}} className=\\"fe_c_form-field__right fe_c_form-field__right--label-forced-above\\">
                                                  <div className=\\"fe_l_grid-row__col fe_l_grid-row__col--small-12 fe_l_grid-row__col--medium-0 fe_c_form-field__right fe_c_form-field__right--label-forced-above\\">
                                                    <div className=\\"fe_c_form-field__input-slot\\">
                                                      <Select options={{...}} value=\\"1\\" onChange={[Function: onChange]} onBlur={[Function (anonymous)]} className=\\"fe_c_form-field__input\\" id=\\"attachmentTypeId\\" name=\\"attachmentTypeId\\" required={true} hideRequiredStyles={false} disabled={false} error={[undefined]} aria-labelledby=\\"attachmentTypeId-label\\" hasNullDefault={true} placeholder=\\"- Select -\\">
                                                        <select className=\\"fe_c_select fe_is-required fe_c_form-field__input\\" disabled={false} required={true} value=\\"1\\" onChange={[Function: onChange]} onBlur={[Function (anonymous)]} id=\\"attachmentTypeId\\" name=\\"attachmentTypeId\\" aria-labelledby=\\"attachmentTypeId-label\\">
                                                          <option value=\\"\\">
                                                            - Select -
                                                          </option>
                                                          <option value=\\"1\\" disabled={[undefined]} className={[undefined]}>
                                                            Local Rule Authorization
                                                          </option>
                                                          <option value=\\"2\\" disabled={[undefined]} className={[undefined]}>
                                                            Payer Documentation
                                                          </option>
                                                          <option value=\\"3\\" disabled={[undefined]} className={[undefined]}>
                                                            Data Support
                                                          </option>
                                                          <option value=\\"4\\" disabled={[undefined]} className={[undefined]}>
                                                            Athenanet Screenshot
                                                          </option>
                                                          <option value=\\"5\\" disabled={[undefined]} className={[undefined]}>
                                                            Client clarification
                                                          </option>
                                                        </select>
                                                      </Select>
                                                    </div>
                                                    <div className=\\"fe_c_form-field__status\\" />
                                                  </div>
                                                </GridCol>
                                              </div>
                                            </GridRow>
                                          </div>
                                        </FormFieldLayout>
                                      </FormField>
                                      <FormField labelText=\\"Notes\\" name=\\"description\\" value=\\"Test cyril content 1\\" onChange={[Function (anonymous)]} onBlur={[Function (anonymous)]} error={[undefined]} id=\\"description\\" labelWidth={12} required={false} maxLength=\\"1000\\" inputAs={{...}}>
                                        <FormFieldLayout labelWidth={12} nested={[undefined]} layout={[undefined]} statusExtras={[undefined]} className=\\"\\" labelAlwaysAbove={[undefined]} labelSlot={{...}} messageSlot={[undefined]} statusIndicatorSlot={[undefined]} inputSlot={{...}}>
                                          <div className=\\"fe_c_form-field fe_c_form-field--medium\\">
                                            <GridRow nested={true}>
                                              <div className=\\"fe_l_grid-row fe_l_grid-row--nested\\">
                                                <GridCol width={{...}} className=\\"fe_c_form-field__label fe_c_form-field__label--forced-above\\">
                                                  <div className=\\"fe_l_grid-row__col fe_l_grid-row__col--small-12 fe_l_grid-row__col--medium-12 fe_c_form-field__label fe_c_form-field__label--forced-above\\">
                                                    <Label id=\\"description-label\\" htmlFor=\\"description\\" text=\\"Notes\\" disabled={[undefined]} required={false} useLegend={false}>
                                                      <label htmlFor=\\"description\\" id=\\"description-label\\" className=\\"fe_c_label\\">
                                                        Notes
                                                      </label>
                                                    </Label>
                                                  </div>
                                                </GridCol>
                                                <GridCol width={{...}} className=\\"fe_c_form-field__right fe_c_form-field__right--label-forced-above\\">
                                                  <div className=\\"fe_l_grid-row__col fe_l_grid-row__col--small-12 fe_l_grid-row__col--medium-0 fe_c_form-field__right fe_c_form-field__right--label-forced-above\\">
                                                    <div className=\\"fe_c_form-field__input-slot\\">
                                                      <Input value=\\"Test cyril content 1\\" onChange={[Function (anonymous)]} onBlur={[Function (anonymous)]} maxLength=\\"1000\\" className=\\"fe_c_form-field__input\\" id=\\"description\\" name=\\"description\\" required={false} hideRequiredStyles={false} disabled={false} error={[undefined]} aria-labelledby=\\"description-label\\" type=\\"text\\">
                                                        <div className=\\"fe_c_input fe_c_form-field__input\\">
                                                          <input value=\\"Test cyril content 1\\" onChange={[Function (anonymous)]} onBlur={[Function (anonymous)]} maxLength=\\"1000\\" id=\\"description\\" name=\\"description\\" aria-labelledby=\\"description-label\\" className=\\"fe_c_input__input\\" type=\\"text\\" disabled={false} required={false} />
                                                        </div>
                                                      </Input>
                                                    </div>
                                                    <div className=\\"fe_c_form-field__status\\" />
                                                  </div>
                                                </GridCol>
                                              </div>
                                            </GridRow>
                                          </div>
                                        </FormFieldLayout>
                                      </FormField>
                                    </form>
                                  </Form>
                                  <div className=\\"fe_c_lightbox__footer\\">
                                    <ForwardRef text=\\"Cancel\\" variant=\\"secondary\\" className=\\"fe_u_margin--right-small\\" onClick={[Function: onClick]} disabled={false} fullWidth={false} iconSet={{...}} size=\\"medium\\" showLoadingSpinner={false} type=\\"button\\" useLink={false}>
                                      <button className=\\"fe_c_button fe_c_button--secondary fe_c_button--medium fe_u_margin--right-small\\" aria-disabled={false} aria-label={[undefined]} onClick={[Function: handleClick]} type=\\"button\\">
                                        <div className=\\"fe_c_button__content\\">
                                          <span className=\\"fe_c_button__text fe_c_button__text--medium fe_c_button__text--secondary\\">
                                            Cancel
                                          </span>
                                        </div>
                                      </button>
                                    </ForwardRef>
                                    <ForwardRef text=\\"Save\\" onClick={[Function: onClick]} variant=\\"primary\\" disabled={false} fullWidth={false} iconSet={{...}} size=\\"medium\\" showLoadingSpinner={false} type=\\"button\\" useLink={false}>
                                      <button className=\\"fe_c_button fe_c_button--primary fe_c_button--medium\\" aria-disabled={false} aria-label={[undefined]} onClick={[Function: handleClick]} type=\\"button\\">
                                        <div className=\\"fe_c_button__content\\">
                                          <span className=\\"fe_c_button__text fe_c_button__text--medium fe_c_button__text--primary\\">
                                            Save
                                          </span>
                                        </div>
                                      </button>
                                    </ForwardRef>
                                  </div>
                                </div>
                              </div>
                            </div>
                          </Transition>
                        </CSSTransition>
                      </FadeUp>
                    </Portal>
                  </WaitForContainer>
                </Portal>
              </Modal>
            </Overlay>
          </ModalManagerWrapper>
        </Lightbox>
      </ThemeConsumerHOC>
    </Formik>
  </div>
</AddDocument>"
`;
